// Jest Snapshot v1, https://goo.gl/fbAQLP

exports[`Testing the Functionality of HomePage Check if IntroBox and SearchIssuer components are rendered 1`] = `
<DocumentFragment>
  <div
    data-testid="Home-Page-Container"
  >
    <div
      class="container mx-auto mt-8 flex flex-col px-10"
    >
      <div
        class="mb-20"
      >
        <div
          class="text-center pt-20 pb-10"
          data-testid="IntroBox-Container"
        >
          <h2
            class="text-3xl text-iw-title "
            data-testid="IntroBox-Text"
          >
            Access your Verifiable Credentials with ease!
          </h2>
          <p
            class="mt-2 text-lg text-iw-subTitle"
            data-testid="IntroBox-SubText"
          >
            Securely download and share your credentials instantly.
          </p>
        </div>
        <div
          class="flex justify-center items-center w-full"
        >
          <div
            class="sm:w-8/12 w-full flex justify-start items-center bg-iw-background shadow-md shadow-iw-shadow"
            data-testid="Search-Issuer-Container"
          >
            <svg
              class="m-5"
              color="var(--iw-color-searchIcon)"
              data-testid="Search-Issuer-Search-Icon"
              fill="currentColor"
              height="20"
              stroke="currentColor"
              stroke-width="0"
              viewBox="0 0 512 512"
              width="20"
              xmlns="http://www.w3.org/2000/svg"
            >
              <path
                d="M505 442.7L405.3 343c-4.5-4.5-10.6-7-17-7H372c27.6-35.3 44-79.7 44-128C416 93.1 322.9 0 208 0S0 93.1 0 208s93.1 208 208 208c48.3 0 92.7-16.4 128-44v16.3c0 6.4 2.5 12.5 7 17l99.7 99.7c9.4 9.4 24.6 9.4 33.9 0l28.3-28.3c9.4-9.4 9.4-24.6.1-34zM208 336c-70.7 0-128-57.2-128-128 0-70.7 57.2-128 128-128 70.7 0 128 57.2 128 128 0 70.7-57.2 128-128 128z"
              />
            </svg>
            <input
              class="py-6 w-11/12 text-iw-searchTitle focus:outline-none overflow-ellipsis mr-10"
              data-testid="Search-Issuer-Input"
              placeholder="Search Issuers by name"
              type="text"
              value=""
            />
          </div>
        </div>
      </div>
      <div
        class="flex justify-center items-center"
        data-testid="SpinningLoader-Container"
      >
        <div
          aria-busy="true"
          aria-label="oval-loading"
          class="sc-beySPh gZmPOF"
          data-testid="oval-loading"
          role="progressbar"
        >
          <svg
            data-testid="oval-svg"
            height="80"
            stroke="var(--iw-color-spinningLoaderPrimary)"
            viewBox="-20.5 -20.5 43 43"
            width="80"
            xmlns="http://www.w3.org/2000/svg"
          >
            <g
              fill="none"
              fill-rule="evenodd"
            >
              <g
                data-testid="oval-secondary-group"
                stroke-width="3"
                transform="translate(1 1)"
              >
                <circle
                  cx="0"
                  cy="0"
                  r="20"
                  stroke="var(--iw-color-spinningLoaderSecondary)"
                  stroke-opacity=".5"
                  stroke-width="3"
                />
                <path
                  d="M20 0c0-9.94-8.06-20-20-20"
                >
                  <animatetransform
                    attributeName="transform"
                    dur="1s"
                    from="0 0 0"
                    repeatCount="indefinite"
                    to="360 0 0"
                    type="rotate"
                  />
                </path>
              </g>
            </g>
          </svg>
        </div>
      </div>
    </div>
  </div>
</DocumentFragment>
`;

exports[`Testing the Layout of HomePage Check if the layout is matching with the snapshots 1`] = `
<DocumentFragment>
  <div
    data-testid="Home-Page-Container"
  >
    <div
      class="container mx-auto mt-8 flex flex-col px-10"
    >
      <div
        class="mb-20"
      >
        <div
          class="text-center pt-20 pb-10"
          data-testid="IntroBox-Container"
        >
          <h2
            class="text-3xl text-iw-title "
            data-testid="IntroBox-Text"
          >
            Access your Verifiable Credentials with ease!
          </h2>
          <p
            class="mt-2 text-lg text-iw-subTitle"
            data-testid="IntroBox-SubText"
          >
            Securely download and share your credentials instantly.
          </p>
        </div>
        <div
          class="flex justify-center items-center w-full"
        >
          <div
            class="sm:w-8/12 w-full flex justify-start items-center bg-iw-background shadow-md shadow-iw-shadow"
            data-testid="Search-Issuer-Container"
          >
            <svg
              class="m-5"
              color="var(--iw-color-searchIcon)"
              data-testid="Search-Issuer-Search-Icon"
              fill="currentColor"
              height="20"
              stroke="currentColor"
              stroke-width="0"
              viewBox="0 0 512 512"
              width="20"
              xmlns="http://www.w3.org/2000/svg"
            >
              <path
                d="M505 442.7L405.3 343c-4.5-4.5-10.6-7-17-7H372c27.6-35.3 44-79.7 44-128C416 93.1 322.9 0 208 0S0 93.1 0 208s93.1 208 208 208c48.3 0 92.7-16.4 128-44v16.3c0 6.4 2.5 12.5 7 17l99.7 99.7c9.4 9.4 24.6 9.4 33.9 0l28.3-28.3c9.4-9.4 9.4-24.6.1-34zM208 336c-70.7 0-128-57.2-128-128 0-70.7 57.2-128 128-128 70.7 0 128 57.2 128 128 0 70.7-57.2 128-128 128z"
              />
            </svg>
            <input
              class="py-6 w-11/12 text-iw-searchTitle focus:outline-none overflow-ellipsis mr-10"
              data-testid="Search-Issuer-Input"
              placeholder="Search Issuers by name"
              type="text"
              value=""
            />
          </div>
        </div>
      </div>
      <div
        class="flex justify-center items-center"
        data-testid="SpinningLoader-Container"
      >
        <div
          aria-busy="true"
          aria-label="oval-loading"
          class="sc-beySPh gZmPOF"
          data-testid="oval-loading"
          role="progressbar"
        >
          <svg
            data-testid="oval-svg"
            height="80"
            stroke="var(--iw-color-spinningLoaderPrimary)"
            viewBox="-20.5 -20.5 43 43"
            width="80"
            xmlns="http://www.w3.org/2000/svg"
          >
            <g
              fill="none"
              fill-rule="evenodd"
            >
              <g
                data-testid="oval-secondary-group"
                stroke-width="3"
                transform="translate(1 1)"
              >
                <circle
                  cx="0"
                  cy="0"
                  r="20"
                  stroke="var(--iw-color-spinningLoaderSecondary)"
                  stroke-opacity=".5"
                  stroke-width="3"
                />
                <path
                  d="M20 0c0-9.94-8.06-20-20-20"
                >
                  <animatetransform
                    attributeName="transform"
                    dur="1s"
                    from="0 0 0"
                    repeatCount="indefinite"
                    to="360 0 0"
                    type="rotate"
                  />
                </path>
              </g>
            </g>
          </svg>
        </div>
      </div>
    </div>
  </div>
</DocumentFragment>
`;
