// Jest Snapshot v1, https://goo.gl/fbAQLP

exports[`Testing Layout of the Expiry Footer Check if the layout is matching with the snapshots 1`] = `
<DocumentFragment>
  <div
    class="flex items-center justify-between p-6 rounded-b"
    data-testid="DataShareFooter-Outer-Container"
  >
    <button
      class="w-1/2 text-iw-primary font-bold px-6 mr-2 border-2 border-iw-primary py-2 text-sm outline-1 shadow hover:shadow-lg focus:outline-none ease-linear rounded-lg transition-all duration-150"
      data-testid="DataShareFooter-Cancel-Button"
      type="button"
    >
       cancel 
    </button>
    <button
      class="w-1/2 bg-iw-primary text-center items-center text-iw-text ml-2 font-bold text-sm px-6 py-3 rounded-lg shadow hover:shadow-lg outline-none focus:outline-none mr-1 ease-linear transition-all duration-150"
      data-testid="DataShareFooter-Success-Button"
      type="button"
    >
       success 
    </button>
  </div>
</DocumentFragment>
`;
